Microchip MPLAB XC8 Compiler V2.40

Linker command line:

-W-3 --edf=/opt/microchip/xc8/v2.40/pic/dat/20220703182018_en.msgs -cn \
  -h+dist/default/production/CW_BEACON.production.sym \
  --cmf=dist/default/production/CW_BEACON.production.cmf -z -Q16F628A \
  -o/tmp/xcXcHfMeh --defsym=__MPLAB_BUILD=1 --fixupoverflow=error \
  -Mdist/default/production/CW_BEACON.production.map \
  --md=/tmp/xcXbonbFd.dat -E1 -ver=XC8 Compiler -ACODE=00h-07FFh \
  -ASTRCODE=00h-07FFh -ASTRING=00h-0FFhx8 -ACONST=00h-0FFhx8 \
  -AENTRY=00h-0FFhx8 -ACOMMON=070h-07Fh -ABANK0=020h-06Fh -ABANK1=0A0h-0EFh \
  -ABANK2=0120h-014Fh -ARAM=020h-06Fh,0A0h-0EFh,0120h-014Fh \
  -AABS1=020h-07Fh,0A0h-0EFh,0120h-014Fh -ASFR0=00h-01Fh -ASFR1=080h-09Fh \
  -ASFR2=0100h-011Fh -ASFR3=0180h-01EFh -ACONFIG=02007h-02007h -DCONFIG=2 \
  -AIDLOC=02000h-02003h -DIDLOC=2 -AEEDATA=00h-07Fh/02100h \
  -peeprom_data=EEDATA -DEEDATA=2 -DCODE=2 -DSTRCODE=2 -DSTRING=2 -DCONST=2 \
  -DENTRY=2 -preset_vec=00h,intentry=04h,init,end_init -ppowerup=CODE \
  -pcinit=CODE -pfunctab=ENTRY -k /tmp/xcXKgfEiO.o \
  dist/default/production/CW_BEACON.production.o 

Object code version is 3.11

Machine type is 16F628A



                Name                               Link     Load   Length Selector   Space Scale
/tmp/xcXKgfEiO.o
                end_init                              A        A        1        8       0
                reset_vec                             0        0        1        0       0
                config                             2007     2007        1        0       4
                idloc                              2000     2000        4        0       5
dist/default/production/CW_BEACON.production.o
                cinit                                 B        B        4        8       0
                intentry                              4        4        6        8       0
                config                             2007     2007        1        0       4
                idloc                              2000     2000        4        0       5
                text12                              43A      43A        8      6DC       0
                text11                              36E      36E       27      6DC       0
                text10                              422      422       10      6DC       0
                text9                               3B6      3B6       1B      6DC       0
                text8                               395      395       21      6DC       0
                text7                               446      446        4      6DC       0
                text6                               442      442        4      6DC       0
                text5                               411      411       11      6DC       0
                text4                               3FF      3FF       12      6DC       0
                text3                               432      432        8      6DC       0
                text2                               3EA      3EA       15      6DC       0
                text1                               3D1      3D1       19      6DC       0
                maintext                              F        F      2CC        8       0
                cstackBANK0                          20       20        3       20       1
                cstackCOMMON                         70       70        B       70       1
                dataBANK0                            23       23        1       20       1
                strings                             300      300       6E      600       0
                idataBANK0                          44A      44A        1      6DC       0

TOTAL           Name                               Link     Load   Length     Space
        CLASS   CODE           
                end_init                              A        A        1         0
                cinit                                 B        B        4         0
                intentry                              4        4        6         0
                reset_vec                             0        0        1         0
                text12                              43A      43A        8         0
                text11                              36E      36E       27         0
                text10                              422      422       10         0
                text9                               3B6      3B6       1B         0
                text8                               395      395       21         0
                text7                               446      446        4         0
                text6                               442      442        4         0
                text5                               411      411       11         0
                text4                               3FF      3FF       12         0
                text3                               432      432        8         0
                text2                               3EA      3EA       15         0
                text1                               3D1      3D1       19         0
                maintext                              F        F      2CC         0
                idataBANK0                          44A      44A        1         0

        CLASS   STRCODE        

        CLASS   STRING         
                strings                             300      300       6E         0

        CLASS   CONST          

        CLASS   ENTRY          

        CLASS   COMMON         
                cstackCOMMON                         70       70        B         1

        CLASS   BANK0          
                cstackBANK0                          20       20        3         1
                dataBANK0                            23       23        1         1

        CLASS   BANK1          

        CLASS   BANK2          

        CLASS   RAM            

        CLASS   ABS1           
                abs_s1                               7E       7E        2         1

        CLASS   SFR0           

        CLASS   SFR1           

        CLASS   SFR2           

        CLASS   SFR3           

        CLASS   CONFIG         
                config                             2007     2007        1         4

        CLASS   IDLOC          
                idloc                              2000     2000        4         5

        CLASS   EEDATA         

        CLASS   BANK3          

        CLASS   STACK          



SEGMENTS        Name                           Load    Length   Top    Selector   Space  Class     Delta

                strings                        000300  00006E  00036E       600       0  STRING      2
                cstackBANK0                    000020  000004  000024        20       1  BANK0       1
                reset_vec                      000000  000001  000001         0       0  CODE        2
                text11                         00036E  0000DD  00044B       6DC       0  CODE        2
                cstackCOMMON                   000070  00000B  00007B        70       1  COMMON      1
                intentry                       000004  0002D7  0002DB         8       0  CODE        2


UNUSED ADDRESS RANGES

        Name                Unused          Largest block    Delta
        BANK0            0024-006F             4C           1
        BANK1            00A0-00EF             50           1
        BANK2            0120-014F             30           1
        CODE             0001-0003              3           2
                         02DB-02FF             25
                         044B-07FF            3B5
        COMMON           007B-007D              3           1
        CONST            0001-0003              3           2
                         02DB-02FF             25
                         044B-07FF            100
        EEDATA           2100-217F             80           2
        ENTRY            0001-0003              3           2
                         02DB-02FF             25
                         044B-07FF            100
        RAM              0024-006F             4C           1
                         00A0-00EF             50
                         0120-014F             30
        SFR0             0000-001F             20           1
        SFR1             0080-009F             20           1
        SFR2             0100-011F             20           1
        SFR3             0180-01EF             70           1
        STRCODE          0001-0003              3           2
                         02DB-02FF             25
                         044B-07FF            3B5
        STRING           0001-0003              3           2
                         02DB-02FF             25
                         044B-07FF            100

                                  Symbol Table

?_strlen                    cstackCOMMON 0073
SendByteSerially@Byte       cstackCOMMON 0073
SetPWMDutyCycle@DutyCycle   cstackCOMMON 0073
_BRGH                       (abs)        04C2
_CCP1CON                    (abs)        0017
_CCPR1L                     (abs)        0015
_CREN                       (abs)        00C4
_EnableSend                 dataBANK0    0023
_GIE                        (abs)        005F
_ISR                        text11       036E
_InitPWM                    text10       0422
_InitUART                   text9        03B6
_OERR                       (abs)        00C1
_PEIE                       (abs)        005E
_PORTBbits                  (abs)        0006
_PR2                        (abs)        0092
_RCIE                       (abs)        0465
_RCIF                       (abs)        0065
_RCREG                      (abs)        001A
_RX9                        (abs)        00C6
_SPBRG                      (abs)        0099
_SPEN                       (abs)        00C7
_SREN                       (abs)        00C5
_SYNC                       (abs)        04C4
_SendByteSerially           text3        0432
_SetPWMDutyCycle            text8        0395
_T2CONbits                  (abs)        0012
_TRISB                      (abs)        0086
_TRISB1                     (abs)        0431
_TRISB2                     (abs)        0432
_TRISB3                     (abs)        0433
_TX9                        (abs)        04C6
_TX9D                       (abs)        04C0
_TXEN                       (abs)        04C5
_TXIE                       (abs)        0464
_TXIF                       (abs)        0064
_TXREG                      (abs)        0019
__Habs1                     abs1         0000
__Hbank0                    bank0        0000
__Hbank1                    bank1        0000
__Hbank2                    bank2        0000
__Hbank3                    bank3        0000
__Hcinit                    cinit        000F
__Hclrtext                  clrtext      0000
__Hcode                     code         0000
__Hcommon                   common       0000
__Hconfig                   config       2008
__HcstackBANK0              cstackBANK0  0000
__HcstackCOMMON             cstackCOMMON 0000
__HdataBANK0                dataBANK0    0000
__Heeprom_data              eeprom_data  0000
__Hend_init                 end_init     000B
__Hfunctab                  functab      0000
__HidataBANK0               idataBANK0   0000
__Hidloc                    idloc        2004
__Hinit                     init         000A
__Hintentry                 intentry     000A
__Hmaintext                 maintext     0000
__Hpowerup                  powerup      0000
__Hram                      ram          0000
__Hreset_vec                reset_vec    0001
__Hsfr0                     sfr0         0000
__Hsfr1                     sfr1         0000
__Hsfr2                     sfr2         0000
__Hsfr3                     sfr3         0000
__Hspace_0                  (abs)        044B
__Hspace_1                  (abs)        007B
__Hspace_2                  (abs)        0000
__Hspace_3                  (abs)        0000
__Hspace_4                  (abs)        400F
__Hstack                    stack        0000
__Hstrings                  strings      0000
__Htext                     text         0000
__Labs1                     abs1         0000
__Lbank0                    bank0        0000
__Lbank1                    bank1        0000
__Lbank2                    bank2        0000
__Lbank3                    bank3        0000
__Lcinit                    cinit        000B
__Lclrtext                  clrtext      0000
__Lcode                     code         0000
__Lcommon                   common       0000
__Lconfig                   config       0000
__LcstackBANK0              cstackBANK0  0000
__LcstackCOMMON             cstackCOMMON 0000
__LdataBANK0                dataBANK0    0000
__Leeprom_data              eeprom_data  0000
__Lend_init                 end_init     000A
__Lfunctab                  functab      0000
__LidataBANK0               idataBANK0   0000
__Lidloc                    idloc        0000
__Linit                     init         000A
__Lintentry                 intentry     0004
__Lmaintext                 maintext     0000
__Lpowerup                  powerup      0000
__Lram                      ram          0000
__Lreset_vec                reset_vec    0000
__Lsfr0                     sfr0         0000
__Lsfr1                     sfr1         0000
__Lsfr2                     sfr2         0000
__Lsfr3                     sfr3         0000
__Lspace_0                  (abs)        0000
__Lspace_1                  (abs)        0000
__Lspace_2                  (abs)        0000
__Lspace_3                  (abs)        0000
__Lspace_4                  (abs)        0000
__Lstack                    stack        0000
__Lstrings                  strings      0000
__Ltext                     text         0000
__S0                        (abs)        044B
__S1                        (abs)        007B
__S3                        (abs)        0000
___int_sp                   stack        0000
___latbits                  (abs)        0000
___sp                       stack        0000
___stackhi                  (abs)        0000
___stacklo                  (abs)        0000
__end_of_ISR                text11       0395
__end_of_InitPWM            text10       0432
__end_of_InitUART           text9        03D1
__end_of_SendByteSerially   text3        043A
__end_of_SetPWMDutyCycle    text8        03B6
__end_of__initialization    cinit        000D
__end_of__stringtab         strings      0306
__end_of_dash               text5        0422
__end_of_dot                text4        0411
__end_of_generateTone       text7        044A
__end_of_main               maintext     02DB
__end_of_sendStringSerially text1        03EA
__end_of_stopTone           text6        0446
__end_of_strlen             text2        03FF
__end_ofi1_SendByteSerially text12       0442
__initialization            cinit        000B
__pcstackBANK0              cstackBANK0  0020
__pcstackCOMMON             cstackCOMMON 0070
__pdataBANK0                dataBANK0    0023
__pidataBANK0               idataBANK0   044A
__pintentry                 intentry     0004
__pmaintext                 maintext     000F
__pstrings                  strings      0300
__ptext1                    text1        03D1
__ptext10                   text10       0422
__ptext11                   text11       036E
__ptext12                   text12       043A
__ptext2                    text2        03EA
__ptext3                    text3        0432
__ptext4                    text4        03FF
__ptext5                    text5        0411
__ptext6                    text6        0442
__ptext7                    text7        0446
__ptext8                    text8        0395
__ptext9                    text9        03B6
__stringbase                strings      0305
__stringtab                 strings      0300
_dash                       text5        0411
_dot                        text4        03FF
_generateTone               text7        0446
_main                       maintext     000F
_sendStringSerially         text1        03D1
_stopTone                   text6        0442
_strlen                     text2        03EA
btemp                       (abs)        007E
end_of_initialization       cinit        000D
i1SendByteSerially@Byte     cstackCOMMON 0070
i1_SendByteSerially         text12       043A
interrupt_function          intentry     0004
intlevel0                   functab      0000
intlevel1                   functab      0000
intlevel2                   functab      0000
intlevel3                   functab      0000
intlevel4                   functab      0000
intlevel5                   functab      0000
reset_vec                   reset_vec    0000
saved_w                     (abs)        007E
sendStringSerially@i        cstackCOMMON 0078
sendStringSerially@st       cstackCOMMON 007A
start                       init         000A
start_initialization        cinit        000B
strlen@cp                   cstackCOMMON 0077
strlen@s                    cstackCOMMON 0076
wtemp0                      (abs)        007E


MODULE INFORMATION

Module		Function		Class		Link	Load	Size
UARTComm.c
		_InitUART      		CODE           	03B6	0000	27
		_ISR           		CODE           	036E	0000	39
		_sendStringSerially		CODE           	03D1	0000	25
		_SendByteSerially		CODE           	0432	0000	8

UARTComm.c estimated size: 99

functions.c
		_dash          		CODE           	0411	0000	17
		_InitPWM       		CODE           	0422	0000	16
		_stopTone      		CODE           	0442	0000	4
		_dot           		CODE           	03FF	0000	18
		_generateTone  		CODE           	0446	0000	4
		_SetPWMDutyCycle		CODE           	0395	0000	33

functions.c estimated size: 92

pwm_main.c
		_main          		CODE           	000F	0000	716

pwm_main.c estimated size: 716

/opt/microchip/xc8/v2.40/pic/sources/c90/common/strlen.c
		_strlen        		CODE           	03EA	0000	21

/opt/microchip/xc8/v2.40/pic/sources/c90/common/strlen.c estimated size: 21

shared
		__stringtab    		STRING         	0300	0000	6
		__initialization		CODE           	000B	0000	2
		i1_SendByteSerially		CODE           	043A	0000	8

shared estimated size: 16

